<?xml version="1.0" encoding="utf-8"?>
<?AutomationStudio Version="4.5.2.102"?>
<Objects>
  <Object
    Path="Z:\HYEONGJUN KIM\Hyundai_Heavy_Industry\BR_Projects\AS_Target_Simulink_Test_Jenkins\Logical\Package.pkg"
    LogicalPath=""
    Type="Package.ParentUnknown"
    LastWriteTime="132941710360000000" />
  <Object
    Path="Z:\HYEONGJUN KIM\Hyundai_Heavy_Industry\BR_Projects\AS_Target_Simulink_Test_Jenkins\Logical\Global.typ"
    LogicalPath="Global.typ"
    Type="File"
    LastWriteTime="132924963992632660"
    Private="false" />
  <Object
    Path="Z:\HYEONGJUN KIM\Hyundai_Heavy_Industry\BR_Projects\AS_Target_Simulink_Test_Jenkins\Logical\Global.var"
    LogicalPath="Global.var"
    Type="File"
    LastWriteTime="132937720658489597"
    Private="false" />
  <Object
    Path="Z:\HYEONGJUN KIM\Hyundai_Heavy_Industry\BR_Projects\AS_Target_Simulink_Test_Jenkins\Logical\Libraries\Package.pkg"
    LogicalPath="Libraries"
    Type="Package"
    LastWriteTime="132935322154319660" />
  <Object
    Path="Z:\HYEONGJUN KIM\Hyundai_Heavy_Industry\BR_Projects\AS_Target_Simulink_Test_Jenkins\Logical\Libraries\operator\binary.lby"
    LogicalPath="Libraries.operator"
    Type="Library"
    LastWriteTime="132924882034871898" />
  <Object
    Path="Z:\HYEONGJUN KIM\Hyundai_Heavy_Industry\BR_Projects\AS_Target_Simulink_Test_Jenkins\Logical\Libraries\operator\operator.fun"
    LogicalPath="Libraries.operator.operator.fun"
    Type="File"
    LastWriteTime="132924882034801881"
    Private="false" />
  <Object
    Path="Z:\HYEONGJUN KIM\Hyundai_Heavy_Industry\BR_Projects\AS_Target_Simulink_Test_Jenkins\Logical\Libraries\operator\operator.typ"
    LogicalPath="Libraries.operator.operator.typ"
    Type="File"
    LastWriteTime="132924882034831891"
    Private="false" />
  <Object
    Path="Z:\HYEONGJUN KIM\Hyundai_Heavy_Industry\BR_Projects\AS_Target_Simulink_Test_Jenkins\Logical\Libraries\operator\operator.var"
    LogicalPath="Libraries.operator.operator.var"
    Type="File"
    LastWriteTime="132924882034861899"
    Private="false" />
  <Object
    Path="Z:\HYEONGJUN KIM\Hyundai_Heavy_Industry\BR_Projects\AS_Target_Simulink_Test_Jenkins\Logical\Libraries\runtime\binary.lby"
    LogicalPath="Libraries.runtime"
    Type="Library"
    LastWriteTime="132924882039182726" />
  <Object
    Path="Z:\HYEONGJUN KIM\Hyundai_Heavy_Industry\BR_Projects\AS_Target_Simulink_Test_Jenkins\Logical\Libraries\runtime\runtime.fun"
    LogicalPath="Libraries.runtime.runtime.fun"
    Type="File"
    LastWriteTime="132924882039102701"
    Private="false" />
  <Object
    Path="Z:\HYEONGJUN KIM\Hyundai_Heavy_Industry\BR_Projects\AS_Target_Simulink_Test_Jenkins\Logical\Libraries\runtime\runtime.typ"
    LogicalPath="Libraries.runtime.runtime.typ"
    Type="File"
    LastWriteTime="132924882039132708"
    Private="false" />
  <Object
    Path="Z:\HYEONGJUN KIM\Hyundai_Heavy_Industry\BR_Projects\AS_Target_Simulink_Test_Jenkins\Logical\Libraries\runtime\runtime.var"
    LogicalPath="Libraries.runtime.runtime.var"
    Type="File"
    LastWriteTime="132924882039172715"
    Private="false" />
  <Object
    Path="Z:\HYEONGJUN KIM\Hyundai_Heavy_Industry\BR_Projects\AS_Target_Simulink_Test_Jenkins\Logical\Libraries\astime\binary.lby"
    LogicalPath="Libraries.astime"
    Type="Library"
    LastWriteTime="132924882043183645" />
  <Object
    Path="Z:\HYEONGJUN KIM\Hyundai_Heavy_Industry\BR_Projects\AS_Target_Simulink_Test_Jenkins\Logical\Libraries\astime\astime.fun"
    LogicalPath="Libraries.astime.astime.fun"
    Type="File"
    LastWriteTime="132924882043113629"
    Private="false" />
  <Object
    Path="Z:\HYEONGJUN KIM\Hyundai_Heavy_Industry\BR_Projects\AS_Target_Simulink_Test_Jenkins\Logical\Libraries\astime\astime.typ"
    LogicalPath="Libraries.astime.astime.typ"
    Type="File"
    LastWriteTime="132924882043143629"
    Private="false" />
  <Object
    Path="Z:\HYEONGJUN KIM\Hyundai_Heavy_Industry\BR_Projects\AS_Target_Simulink_Test_Jenkins\Logical\Libraries\astime\astime.var"
    LogicalPath="Libraries.astime.astime.var"
    Type="File"
    LastWriteTime="132924882043173642"
    Private="false" />
  <Object
    Path="Z:\HYEONGJUN KIM\Hyundai_Heavy_Industry\BR_Projects\AS_Target_Simulink_Test_Jenkins\Logical\Libraries\AsIecCon\binary.lby"
    LogicalPath="Libraries.AsIecCon"
    Type="Library"
    LastWriteTime="132924882047284541" />
  <Object
    Path="Z:\HYEONGJUN KIM\Hyundai_Heavy_Industry\BR_Projects\AS_Target_Simulink_Test_Jenkins\Logical\Libraries\AsIecCon\AsIecCon.fun"
    LogicalPath="Libraries.AsIecCon.AsIecCon.fun"
    Type="File"
    LastWriteTime="132924882047214514"
    Private="false" />
  <Object
    Path="Z:\HYEONGJUN KIM\Hyundai_Heavy_Industry\BR_Projects\AS_Target_Simulink_Test_Jenkins\Logical\Libraries\AsIecCon\AsIecCon.typ"
    LogicalPath="Libraries.AsIecCon.AsIecCon.typ"
    Type="File"
    LastWriteTime="132924882047244520"
    Private="false" />
  <Object
    Path="Z:\HYEONGJUN KIM\Hyundai_Heavy_Industry\BR_Projects\AS_Target_Simulink_Test_Jenkins\Logical\Libraries\AsIecCon\AsIecCon.var"
    LogicalPath="Libraries.AsIecCon.AsIecCon.var"
    Type="File"
    LastWriteTime="132924882047274531"
    Private="false" />
  <Object
    Path="Z:\HYEONGJUN KIM\Hyundai_Heavy_Industry\BR_Projects\AS_Target_Simulink_Test_Jenkins\Logical\Libraries\brsystem\binary.lby"
    LogicalPath="Libraries.brsystem"
    Type="Library"
    LastWriteTime="132924888037500359" />
  <Object
    Path="Z:\HYEONGJUN KIM\Hyundai_Heavy_Industry\BR_Projects\AS_Target_Simulink_Test_Jenkins\Logical\Libraries\brsystem\brsystem.fun"
    LogicalPath="Libraries.brsystem.brsystem.fun"
    Type="File"
    LastWriteTime="132924888037420351"
    Private="false" />
  <Object
    Path="Z:\HYEONGJUN KIM\Hyundai_Heavy_Industry\BR_Projects\AS_Target_Simulink_Test_Jenkins\Logical\Libraries\brsystem\brsystem.typ"
    LogicalPath="Libraries.brsystem.brsystem.typ"
    Type="File"
    LastWriteTime="132924888037440357"
    Private="false" />
  <Object
    Path="Z:\HYEONGJUN KIM\Hyundai_Heavy_Industry\BR_Projects\AS_Target_Simulink_Test_Jenkins\Logical\Libraries\brsystem\brsystem.var"
    LogicalPath="Libraries.brsystem.brsystem.var"
    Type="File"
    LastWriteTime="132924888037490369"
    Private="false" />
  <Object
    Path="Z:\HYEONGJUN KIM\Hyundai_Heavy_Industry\BR_Projects\AS_Target_Simulink_Test_Jenkins\Logical\Libraries\sys_lib\binary.lby"
    LogicalPath="Libraries.sys_lib"
    Type="Library"
    LastWriteTime="132924888266191848" />
  <Object
    Path="Z:\HYEONGJUN KIM\Hyundai_Heavy_Industry\BR_Projects\AS_Target_Simulink_Test_Jenkins\Logical\Libraries\sys_lib\sys_lib.fun"
    LogicalPath="Libraries.sys_lib.sys_lib.fun"
    Type="File"
    LastWriteTime="132924888266074881"
    Private="false" />
  <Object
    Path="Z:\HYEONGJUN KIM\Hyundai_Heavy_Industry\BR_Projects\AS_Target_Simulink_Test_Jenkins\Logical\Libraries\sys_lib\sys_lib.typ"
    LogicalPath="Libraries.sys_lib.sys_lib.typ"
    Type="File"
    LastWriteTime="132924888266131837"
    Private="false" />
  <Object
    Path="Z:\HYEONGJUN KIM\Hyundai_Heavy_Industry\BR_Projects\AS_Target_Simulink_Test_Jenkins\Logical\Libraries\sys_lib\sys_lib.var"
    LogicalPath="Libraries.sys_lib.sys_lib.var"
    Type="File"
    LastWriteTime="132924888266191848"
    Private="false" />
  <Object
    Path="Z:\HYEONGJUN KIM\Hyundai_Heavy_Industry\BR_Projects\AS_Target_Simulink_Test_Jenkins\Logical\Libraries\AsArLog\binary.lby"
    LogicalPath="Libraries.AsArLog"
    Type="Library"
    LastWriteTime="131885244040000000" />
  <Object
    Path="Z:\HYEONGJUN KIM\Hyundai_Heavy_Industry\BR_Projects\AS_Target_Simulink_Test_Jenkins\Logical\Libraries\AsArLog\AsArLog.fun"
    LogicalPath="Libraries.AsArLog.AsArLog.fun"
    Type="File"
    LastWriteTime="131885243560000000"
    Private="false" />
  <Object
    Path="Z:\HYEONGJUN KIM\Hyundai_Heavy_Industry\BR_Projects\AS_Target_Simulink_Test_Jenkins\Logical\Libraries\AsArLog\AsArLog.typ"
    LogicalPath="Libraries.AsArLog.AsArLog.typ"
    Type="File"
    LastWriteTime="131885243720000000"
    Private="false" />
  <Object
    Path="Z:\HYEONGJUN KIM\Hyundai_Heavy_Industry\BR_Projects\AS_Target_Simulink_Test_Jenkins\Logical\Libraries\AsArLog\AsArLog.var"
    LogicalPath="Libraries.AsArLog.AsArLog.var"
    Type="File"
    LastWriteTime="131885243880000000"
    Private="false" />
  <Object
    Path="Z:\HYEONGJUN KIM\Hyundai_Heavy_Industry\BR_Projects\AS_Target_Simulink_Test_Jenkins\Logical\Libraries\AsTCP\binary.lby"
    LogicalPath="Libraries.AsTCP"
    Type="Library"
    LastWriteTime="131885244140000000" />
  <Object
    Path="Z:\HYEONGJUN KIM\Hyundai_Heavy_Industry\BR_Projects\AS_Target_Simulink_Test_Jenkins\Logical\Libraries\AsTCP\AsTCP.fun"
    LogicalPath="Libraries.AsTCP.AsTCP.fun"
    Type="File"
    LastWriteTime="131885243660000000"
    Private="false" />
  <Object
    Path="Z:\HYEONGJUN KIM\Hyundai_Heavy_Industry\BR_Projects\AS_Target_Simulink_Test_Jenkins\Logical\Libraries\AsTCP\AsTCP.typ"
    LogicalPath="Libraries.AsTCP.AsTCP.typ"
    Type="File"
    LastWriteTime="131885243800000000"
    Private="false" />
  <Object
    Path="Z:\HYEONGJUN KIM\Hyundai_Heavy_Industry\BR_Projects\AS_Target_Simulink_Test_Jenkins\Logical\Libraries\AsTCP\AsTCP.var"
    LogicalPath="Libraries.AsTCP.AsTCP.var"
    Type="File"
    LastWriteTime="131885243960000000"
    Private="false" />
  <Object
    Path="Z:\HYEONGJUN KIM\Hyundai_Heavy_Industry\BR_Projects\AS_Target_Simulink_Test_Jenkins\Logical\Libraries\pctr_fun\ANSIC.lby"
    LogicalPath="Libraries.pctr_fun"
    Type="Library"
    LastWriteTime="132935322300106978" />
  <Object
    Path="Z:\HYEONGJUN KIM\Hyundai_Heavy_Industry\BR_Projects\AS_Target_Simulink_Test_Jenkins\Logical\Libraries\pctr_fun\lib_properties.txt"
    LogicalPath="Libraries.pctr_fun.lib_properties.txt"
    Type="File"
    LastWriteTime="132935322153819551"
    Private="false" />
  <Object
    Path="Z:\HYEONGJUN KIM\Hyundai_Heavy_Industry\BR_Projects\AS_Target_Simulink_Test_Jenkins\Logical\Libraries\pctr_fun\pctrFub.c"
    LogicalPath="Libraries.pctr_fun.pctrFub.c"
    Type="File"
    LastWriteTime="132935322153839556"
    Private="false" />
  <Object
    Path="Z:\HYEONGJUN KIM\Hyundai_Heavy_Industry\BR_Projects\AS_Target_Simulink_Test_Jenkins\Logical\Libraries\pctr_fun\pctr_fun.fun"
    LogicalPath="Libraries.pctr_fun.pctr_fun.fun"
    Type="File"
    LastWriteTime="132935322300096978"
    Private="false" />
  <Object
    Path="Z:\HYEONGJUN KIM\Hyundai_Heavy_Industry\BR_Projects\AS_Target_Simulink_Test_Jenkins\Logical\Libraries\pctr_fun\pctr_fun.typ"
    LogicalPath="Libraries.pctr_fun.pctr_fun.typ"
    Type="File"
    LastWriteTime="132935322153859564"
    Private="false" />
  <Object
    Path="Z:\HYEONGJUN KIM\Hyundai_Heavy_Industry\BR_Projects\AS_Target_Simulink_Test_Jenkins\Logical\Libraries\pctr_fun\pctr_fun.var"
    LogicalPath="Libraries.pctr_fun.pctr_fun.var"
    Type="File"
    LastWriteTime="132935322153869563"
    Private="false" />
  <Object
    Path="Z:\HYEONGJUN KIM\Hyundai_Heavy_Industry\BR_Projects\AS_Target_Simulink_Test_Jenkins\Logical\Libraries\pctr_fun\pend_ctrl_fun.c"
    LogicalPath="Libraries.pctr_fun.pend_ctrl_fun.c"
    Type="File"
    LastWriteTime="132935322153899570"
    Private="false" />
  <Object
    Path="Z:\HYEONGJUN KIM\Hyundai_Heavy_Industry\BR_Projects\AS_Target_Simulink_Test_Jenkins\Logical\Libraries\pctr_fun\pend_ctrl_fun.h"
    LogicalPath="Libraries.pctr_fun.pend_ctrl_fun.h"
    Type="File"
    LastWriteTime="132935322153919575"
    Private="false" />
  <Object
    Path="Z:\HYEONGJUN KIM\Hyundai_Heavy_Industry\BR_Projects\AS_Target_Simulink_Test_Jenkins\Logical\Libraries\pctr_fun\pend_ctrl_fun_private.h"
    LogicalPath="Libraries.pctr_fun.pend_ctrl_fun_private.h"
    Type="File"
    LastWriteTime="132935322153939579"
    Private="false" />
  <Object
    Path="Z:\HYEONGJUN KIM\Hyundai_Heavy_Industry\BR_Projects\AS_Target_Simulink_Test_Jenkins\Logical\Libraries\pctr_fun\pend_ctrl_fun_types.h"
    LogicalPath="Libraries.pctr_fun.pend_ctrl_fun_types.h"
    Type="File"
    LastWriteTime="132935322153959582"
    Private="false" />
  <Object
    Path="Z:\HYEONGJUN KIM\Hyundai_Heavy_Industry\BR_Projects\AS_Target_Simulink_Test_Jenkins\Logical\Libraries\pctr_fun\rt_defines.h"
    LogicalPath="Libraries.pctr_fun.rt_defines.h"
    Type="File"
    LastWriteTime="132935322153979590"
    Private="false" />
  <Object
    Path="Z:\HYEONGJUN KIM\Hyundai_Heavy_Industry\BR_Projects\AS_Target_Simulink_Test_Jenkins\Logical\Libraries\pctr_fun\rtwtypes.h"
    LogicalPath="Libraries.pctr_fun.rtwtypes.h"
    Type="File"
    LastWriteTime="132935322153999592"
    Private="false" />
  <Object
    Path="Z:\HYEONGJUN KIM\Hyundai_Heavy_Industry\BR_Projects\AS_Target_Simulink_Test_Jenkins\Logical\MATLAB_includes\package.pkg"
    LogicalPath="MATLAB_includes"
    Type="Package"
    LastWriteTime="132935302200000000" />
  <Object
    Path="Z:\HYEONGJUN KIM\Hyundai_Heavy_Industry\BR_Projects\AS_Target_Simulink_Test_Jenkins\Logical\MATLAB_includes\R2019b\package.pkg"
    LogicalPath="MATLAB_includes.R2019b"
    Type="Package"
    LastWriteTime="132935302200000000" />
  <Object
    Path="Z:\HYEONGJUN KIM\Hyundai_Heavy_Industry\BR_Projects\AS_Target_Simulink_Test_Jenkins\Logical\MATLAB_includes\R2019b\MatlabDataArray.hpp"
    LogicalPath="MATLAB_includes.R2019b.MatlabDataArray.hpp"
    Type="File"
    LastWriteTime="132174985040000000"
    Private="false" />
  <Object
    Path="Z:\HYEONGJUN KIM\Hyundai_Heavy_Industry\BR_Projects\AS_Target_Simulink_Test_Jenkins\Logical\MATLAB_includes\R2019b\MatlabEngine.hpp"
    LogicalPath="MATLAB_includes.R2019b.MatlabEngine.hpp"
    Type="File"
    LastWriteTime="132174985040000000"
    Private="false" />
  <Object
    Path="Z:\HYEONGJUN KIM\Hyundai_Heavy_Industry\BR_Projects\AS_Target_Simulink_Test_Jenkins\Logical\MATLAB_includes\R2019b\bio_sig.h"
    LogicalPath="MATLAB_includes.R2019b.bio_sig.h"
    Type="File"
    LastWriteTime="132174985040000000"
    Private="false" />
  <Object
    Path="Z:\HYEONGJUN KIM\Hyundai_Heavy_Industry\BR_Projects\AS_Target_Simulink_Test_Jenkins\Logical\MATLAB_includes\R2019b\blas.h"
    LogicalPath="MATLAB_includes.R2019b.blas.h"
    Type="File"
    LastWriteTime="132174985040000000"
    Private="false" />
  <Object
    Path="Z:\HYEONGJUN KIM\Hyundai_Heavy_Industry\BR_Projects\AS_Target_Simulink_Test_Jenkins\Logical\MATLAB_includes\R2019b\blascompat32.h"
    LogicalPath="MATLAB_includes.R2019b.blascompat32.h"
    Type="File"
    LastWriteTime="132174985040000000"
    Private="false" />
  <Object
    Path="Z:\HYEONGJUN KIM\Hyundai_Heavy_Industry\BR_Projects\AS_Target_Simulink_Test_Jenkins\Logical\MATLAB_includes\R2019b\cg_matrx.h"
    LogicalPath="MATLAB_includes.R2019b.cg_matrx.h"
    Type="File"
    LastWriteTime="132174985040000000"
    Private="false" />
  <Object
    Path="Z:\HYEONGJUN KIM\Hyundai_Heavy_Industry\BR_Projects\AS_Target_Simulink_Test_Jenkins\Logical\MATLAB_includes\R2019b\cg_sfun.h"
    LogicalPath="MATLAB_includes.R2019b.cg_sfun.h"
    Type="File"
    LastWriteTime="132174985040000000"
    Private="false" />
  <Object
    Path="Z:\HYEONGJUN KIM\Hyundai_Heavy_Industry\BR_Projects\AS_Target_Simulink_Test_Jenkins\Logical\MATLAB_includes\R2019b\cgxert.h"
    LogicalPath="MATLAB_includes.R2019b.cgxert.h"
    Type="File"
    LastWriteTime="132174985040000000"
    Private="false" />
  <Object
    Path="Z:\HYEONGJUN KIM\Hyundai_Heavy_Industry\BR_Projects\AS_Target_Simulink_Test_Jenkins\Logical\MATLAB_includes\R2019b\covrt.h"
    LogicalPath="MATLAB_includes.R2019b.covrt.h"
    Type="File"
    LastWriteTime="132174985040000000"
    Private="false" />
  <Object
    Path="Z:\HYEONGJUN KIM\Hyundai_Heavy_Industry\BR_Projects\AS_Target_Simulink_Test_Jenkins\Logical\MATLAB_includes\R2019b\dt_info.h"
    LogicalPath="MATLAB_includes.R2019b.dt_info.h"
    Type="File"
    LastWriteTime="132174985040000000"
    Private="false" />
  <Object
    Path="Z:\HYEONGJUN KIM\Hyundai_Heavy_Industry\BR_Projects\AS_Target_Simulink_Test_Jenkins\Logical\MATLAB_includes\R2019b\emlrt.h"
    LogicalPath="MATLAB_includes.R2019b.emlrt.h"
    Type="File"
    LastWriteTime="132174985040000000"
    Private="false" />
  <Object
    Path="Z:\HYEONGJUN KIM\Hyundai_Heavy_Industry\BR_Projects\AS_Target_Simulink_Test_Jenkins\Logical\MATLAB_includes\R2019b\engine.h"
    LogicalPath="MATLAB_includes.R2019b.engine.h"
    Type="File"
    LastWriteTime="132174985040000000"
    Private="false" />
  <Object
    Path="Z:\HYEONGJUN KIM\Hyundai_Heavy_Industry\BR_Projects\AS_Target_Simulink_Test_Jenkins\Logical\MATLAB_includes\R2019b\ext_share.h"
    LogicalPath="MATLAB_includes.R2019b.ext_share.h"
    Type="File"
    LastWriteTime="132174985040000000"
    Private="false" />
  <Object
    Path="Z:\HYEONGJUN KIM\Hyundai_Heavy_Industry\BR_Projects\AS_Target_Simulink_Test_Jenkins\Logical\MATLAB_includes\R2019b\ext_svr.h"
    LogicalPath="MATLAB_includes.R2019b.ext_svr.h"
    Type="File"
    LastWriteTime="132174985040000000"
    Private="false" />
  <Object
    Path="Z:\HYEONGJUN KIM\Hyundai_Heavy_Industry\BR_Projects\AS_Target_Simulink_Test_Jenkins\Logical\MATLAB_includes\R2019b\ext_svr_transport.h"
    LogicalPath="MATLAB_includes.R2019b.ext_svr_transport.h"
    Type="File"
    LastWriteTime="132174985040000000"
    Private="false" />
  <Object
    Path="Z:\HYEONGJUN KIM\Hyundai_Heavy_Industry\BR_Projects\AS_Target_Simulink_Test_Jenkins\Logical\MATLAB_includes\R2019b\ext_test.h"
    LogicalPath="MATLAB_includes.R2019b.ext_test.h"
    Type="File"
    LastWriteTime="132174985040000000"
    Private="false" />
  <Object
    Path="Z:\HYEONGJUN KIM\Hyundai_Heavy_Industry\BR_Projects\AS_Target_Simulink_Test_Jenkins\Logical\MATLAB_includes\R2019b\ext_types.h"
    LogicalPath="MATLAB_includes.R2019b.ext_types.h"
    Type="File"
    LastWriteTime="132174985040000000"
    Private="false" />
  <Object
    Path="Z:\HYEONGJUN KIM\Hyundai_Heavy_Industry\BR_Projects\AS_Target_Simulink_Test_Jenkins\Logical\MATLAB_includes\R2019b\ext_work.h"
    LogicalPath="MATLAB_includes.R2019b.ext_work.h"
    Type="File"
    LastWriteTime="132174985040000000"
    Private="false" />
  <Object
    Path="Z:\HYEONGJUN KIM\Hyundai_Heavy_Industry\BR_Projects\AS_Target_Simulink_Test_Jenkins\Logical\MATLAB_includes\R2019b\fintrf.h"
    LogicalPath="MATLAB_includes.R2019b.fintrf.h"
    Type="File"
    LastWriteTime="132174985040000000"
    Private="false" />
  <Object
    Path="Z:\HYEONGJUN KIM\Hyundai_Heavy_Industry\BR_Projects\AS_Target_Simulink_Test_Jenkins\Logical\MATLAB_includes\R2019b\fixedpoint.h"
    LogicalPath="MATLAB_includes.R2019b.fixedpoint.h"
    Type="File"
    LastWriteTime="132174985040000000"
    Private="false" />
  <Object
    Path="Z:\HYEONGJUN KIM\Hyundai_Heavy_Industry\BR_Projects\AS_Target_Simulink_Test_Jenkins\Logical\MATLAB_includes\R2019b\fixpoint_spec.h"
    LogicalPath="MATLAB_includes.R2019b.fixpoint_spec.h"
    Type="File"
    LastWriteTime="132174985040000000"
    Private="false" />
  <Object
    Path="Z:\HYEONGJUN KIM\Hyundai_Heavy_Industry\BR_Projects\AS_Target_Simulink_Test_Jenkins\Logical\MATLAB_includes\R2019b\io64.h"
    LogicalPath="MATLAB_includes.R2019b.io64.h"
    Type="File"
    LastWriteTime="132174985040000000"
    Private="false" />
  <Object
    Path="Z:\HYEONGJUN KIM\Hyundai_Heavy_Industry\BR_Projects\AS_Target_Simulink_Test_Jenkins\Logical\MATLAB_includes\R2019b\lapack.h"
    LogicalPath="MATLAB_includes.R2019b.lapack.h"
    Type="File"
    LastWriteTime="132174985040000000"
    Private="false" />
  <Object
    Path="Z:\HYEONGJUN KIM\Hyundai_Heavy_Industry\BR_Projects\AS_Target_Simulink_Test_Jenkins\Logical\MATLAB_includes\R2019b\lapacke.h"
    LogicalPath="MATLAB_includes.R2019b.lapacke.h"
    Type="File"
    LastWriteTime="132174985040000000"
    Private="false" />
  <Object
    Path="Z:\HYEONGJUN KIM\Hyundai_Heavy_Industry\BR_Projects\AS_Target_Simulink_Test_Jenkins\Logical\MATLAB_includes\R2019b\lapacke_config.h"
    LogicalPath="MATLAB_includes.R2019b.lapacke_config.h"
    Type="File"
    LastWriteTime="132174985040000000"
    Private="false" />
  <Object
    Path="Z:\HYEONGJUN KIM\Hyundai_Heavy_Industry\BR_Projects\AS_Target_Simulink_Test_Jenkins\Logical\MATLAB_includes\R2019b\libmwjpegreader.h"
    LogicalPath="MATLAB_includes.R2019b.libmwjpegreader.h"
    Type="File"
    LastWriteTime="132174985040000000"
    Private="false" />
  <Object
    Path="Z:\HYEONGJUN KIM\Hyundai_Heavy_Industry\BR_Projects\AS_Target_Simulink_Test_Jenkins\Logical\MATLAB_includes\R2019b\libmwrgb2gray_tbb.h"
    LogicalPath="MATLAB_includes.R2019b.libmwrgb2gray_tbb.h"
    Type="File"
    LastWriteTime="132174985040000000"
    Private="false" />
  <Object
    Path="Z:\HYEONGJUN KIM\Hyundai_Heavy_Industry\BR_Projects\AS_Target_Simulink_Test_Jenkins\Logical\MATLAB_includes\R2019b\libmwrgb2hsv_tbb.h"
    LogicalPath="MATLAB_includes.R2019b.libmwrgb2hsv_tbb.h"
    Type="File"
    LastWriteTime="132174985040000000"
    Private="false" />
  <Object
    Path="Z:\HYEONGJUN KIM\Hyundai_Heavy_Industry\BR_Projects\AS_Target_Simulink_Test_Jenkins\Logical\MATLAB_includes\R2019b\mat.h"
    LogicalPath="MATLAB_includes.R2019b.mat.h"
    Type="File"
    LastWriteTime="132174985040000000"
    Private="false" />
  <Object
    Path="Z:\HYEONGJUN KIM\Hyundai_Heavy_Industry\BR_Projects\AS_Target_Simulink_Test_Jenkins\Logical\MATLAB_includes\R2019b\matrix.h"
    LogicalPath="MATLAB_includes.R2019b.matrix.h"
    Type="File"
    LastWriteTime="132174985040000000"
    Private="false" />
  <Object
    Path="Z:\HYEONGJUN KIM\Hyundai_Heavy_Industry\BR_Projects\AS_Target_Simulink_Test_Jenkins\Logical\MATLAB_includes\R2019b\mdl_info.h"
    LogicalPath="MATLAB_includes.R2019b.mdl_info.h"
    Type="File"
    LastWriteTime="132174985040000000"
    Private="false" />
  <Object
    Path="Z:\HYEONGJUN KIM\Hyundai_Heavy_Industry\BR_Projects\AS_Target_Simulink_Test_Jenkins\Logical\MATLAB_includes\R2019b\mem_mgr.h"
    LogicalPath="MATLAB_includes.R2019b.mem_mgr.h"
    Type="File"
    LastWriteTime="132174985040000000"
    Private="false" />
  <Object
    Path="Z:\HYEONGJUN KIM\Hyundai_Heavy_Industry\BR_Projects\AS_Target_Simulink_Test_Jenkins\Logical\MATLAB_includes\R2019b\mex.h"
    LogicalPath="MATLAB_includes.R2019b.mex.h"
    Type="File"
    LastWriteTime="132174985040000000"
    Private="false" />
  <Object
    Path="Z:\HYEONGJUN KIM\Hyundai_Heavy_Industry\BR_Projects\AS_Target_Simulink_Test_Jenkins\Logical\MATLAB_includes\R2019b\mwmathutil.h"
    LogicalPath="MATLAB_includes.R2019b.mwmathutil.h"
    Type="File"
    LastWriteTime="132174985040000000"
    Private="false" />
  <Object
    Path="Z:\HYEONGJUN KIM\Hyundai_Heavy_Industry\BR_Projects\AS_Target_Simulink_Test_Jenkins\Logical\MATLAB_includes\R2019b\odesup.h"
    LogicalPath="MATLAB_includes.R2019b.odesup.h"
    Type="File"
    LastWriteTime="132174985040000000"
    Private="false" />
  <Object
    Path="Z:\HYEONGJUN KIM\Hyundai_Heavy_Industry\BR_Projects\AS_Target_Simulink_Test_Jenkins\Logical\MATLAB_includes\R2019b\polygonBoolean.h"
    LogicalPath="MATLAB_includes.R2019b.polygonBoolean.h"
    Type="File"
    LastWriteTime="132174985040000000"
    Private="false" />
  <Object
    Path="Z:\HYEONGJUN KIM\Hyundai_Heavy_Industry\BR_Projects\AS_Target_Simulink_Test_Jenkins\Logical\MATLAB_includes\R2019b\pt_info.h"
    LogicalPath="MATLAB_includes.R2019b.pt_info.h"
    Type="File"
    LastWriteTime="132174985040000000"
    Private="false" />
  <Object
    Path="Z:\HYEONGJUN KIM\Hyundai_Heavy_Industry\BR_Projects\AS_Target_Simulink_Test_Jenkins\Logical\MATLAB_includes\R2019b\rt_logging.h"
    LogicalPath="MATLAB_includes.R2019b.rt_logging.h"
    Type="File"
    LastWriteTime="132174985040000000"
    Private="false" />
  <Object
    Path="Z:\HYEONGJUN KIM\Hyundai_Heavy_Industry\BR_Projects\AS_Target_Simulink_Test_Jenkins\Logical\MATLAB_includes\R2019b\rt_logging_mmi.h"
    LogicalPath="MATLAB_includes.R2019b.rt_logging_mmi.h"
    Type="File"
    LastWriteTime="132174985040000000"
    Private="false" />
  <Object
    Path="Z:\HYEONGJUN KIM\Hyundai_Heavy_Industry\BR_Projects\AS_Target_Simulink_Test_Jenkins\Logical\MATLAB_includes\R2019b\rt_math.h"
    LogicalPath="MATLAB_includes.R2019b.rt_math.h"
    Type="File"
    LastWriteTime="132174985040000000"
    Private="false" />
  <Object
    Path="Z:\HYEONGJUN KIM\Hyundai_Heavy_Industry\BR_Projects\AS_Target_Simulink_Test_Jenkins\Logical\MATLAB_includes\R2019b\rt_matrx.h"
    LogicalPath="MATLAB_includes.R2019b.rt_matrx.h"
    Type="File"
    LastWriteTime="132174985040000000"
    Private="false" />
  <Object
    Path="Z:\HYEONGJUN KIM\Hyundai_Heavy_Industry\BR_Projects\AS_Target_Simulink_Test_Jenkins\Logical\MATLAB_includes\R2019b\rt_mxclassid.h"
    LogicalPath="MATLAB_includes.R2019b.rt_mxclassid.h"
    Type="File"
    LastWriteTime="132174985040000000"
    Private="false" />
  <Object
    Path="Z:\HYEONGJUN KIM\Hyundai_Heavy_Industry\BR_Projects\AS_Target_Simulink_Test_Jenkins\Logical\MATLAB_includes\R2019b\rt_sim.h"
    LogicalPath="MATLAB_includes.R2019b.rt_sim.h"
    Type="File"
    LastWriteTime="132174985040000000"
    Private="false" />
  <Object
    Path="Z:\HYEONGJUN KIM\Hyundai_Heavy_Industry\BR_Projects\AS_Target_Simulink_Test_Jenkins\Logical\MATLAB_includes\R2019b\rtiostream.h"
    LogicalPath="MATLAB_includes.R2019b.rtiostream.h"
    Type="File"
    LastWriteTime="132174985040000000"
    Private="false" />
  <Object
    Path="Z:\HYEONGJUN KIM\Hyundai_Heavy_Industry\BR_Projects\AS_Target_Simulink_Test_Jenkins\Logical\MATLAB_includes\R2019b\rtmcmacros.h"
    LogicalPath="MATLAB_includes.R2019b.rtmcmacros.h"
    Type="File"
    LastWriteTime="132174985040000000"
    Private="false" />
  <Object
    Path="Z:\HYEONGJUN KIM\Hyundai_Heavy_Industry\BR_Projects\AS_Target_Simulink_Test_Jenkins\Logical\MATLAB_includes\R2019b\rtmmacros.h"
    LogicalPath="MATLAB_includes.R2019b.rtmmacros.h"
    Type="File"
    LastWriteTime="132174985040000000"
    Private="false" />
  <Object
    Path="Z:\HYEONGJUN KIM\Hyundai_Heavy_Industry\BR_Projects\AS_Target_Simulink_Test_Jenkins\Logical\MATLAB_includes\R2019b\rtsplntypes.h"
    LogicalPath="MATLAB_includes.R2019b.rtsplntypes.h"
    Type="File"
    LastWriteTime="132174985040000000"
    Private="false" />
  <Object
    Path="Z:\HYEONGJUN KIM\Hyundai_Heavy_Industry\BR_Projects\AS_Target_Simulink_Test_Jenkins\Logical\MATLAB_includes\R2019b\rtw_capi.h"
    LogicalPath="MATLAB_includes.R2019b.rtw_capi.h"
    Type="File"
    LastWriteTime="132174985040000000"
    Private="false" />
  <Object
    Path="Z:\HYEONGJUN KIM\Hyundai_Heavy_Industry\BR_Projects\AS_Target_Simulink_Test_Jenkins\Logical\MATLAB_includes\R2019b\rtw_capi_examples.h"
    LogicalPath="MATLAB_includes.R2019b.rtw_capi_examples.h"
    Type="File"
    LastWriteTime="132174985040000000"
    Private="false" />
  <Object
    Path="Z:\HYEONGJUN KIM\Hyundai_Heavy_Industry\BR_Projects\AS_Target_Simulink_Test_Jenkins\Logical\MATLAB_includes\R2019b\rtw_continuous.h"
    LogicalPath="MATLAB_includes.R2019b.rtw_continuous.h"
    Type="File"
    LastWriteTime="132174985040000000"
    Private="false" />
  <Object
    Path="Z:\HYEONGJUN KIM\Hyundai_Heavy_Industry\BR_Projects\AS_Target_Simulink_Test_Jenkins\Logical\MATLAB_includes\R2019b\rtw_extmode.h"
    LogicalPath="MATLAB_includes.R2019b.rtw_extmode.h"
    Type="File"
    LastWriteTime="132174985040000000"
    Private="false" />
  <Object
    Path="Z:\HYEONGJUN KIM\Hyundai_Heavy_Industry\BR_Projects\AS_Target_Simulink_Test_Jenkins\Logical\MATLAB_includes\R2019b\rtw_linux.h"
    LogicalPath="MATLAB_includes.R2019b.rtw_linux.h"
    Type="File"
    LastWriteTime="132174985040000000"
    Private="false" />
  <Object
    Path="Z:\HYEONGJUN KIM\Hyundai_Heavy_Industry\BR_Projects\AS_Target_Simulink_Test_Jenkins\Logical\MATLAB_includes\R2019b\rtw_linux_mac.h"
    LogicalPath="MATLAB_includes.R2019b.rtw_linux_mac.h"
    Type="File"
    LastWriteTime="132174985040000000"
    Private="false" />
  <Object
    Path="Z:\HYEONGJUN KIM\Hyundai_Heavy_Industry\BR_Projects\AS_Target_Simulink_Test_Jenkins\Logical\MATLAB_includes\R2019b\rtw_matlogging.h"
    LogicalPath="MATLAB_includes.R2019b.rtw_matlogging.h"
    Type="File"
    LastWriteTime="132174985040000000"
    Private="false" />
  <Object
    Path="Z:\HYEONGJUN KIM\Hyundai_Heavy_Industry\BR_Projects\AS_Target_Simulink_Test_Jenkins\Logical\MATLAB_includes\R2019b\rtw_modelmap.h"
    LogicalPath="MATLAB_includes.R2019b.rtw_modelmap.h"
    Type="File"
    LastWriteTime="132174985040000000"
    Private="false" />
  <Object
    Path="Z:\HYEONGJUN KIM\Hyundai_Heavy_Industry\BR_Projects\AS_Target_Simulink_Test_Jenkins\Logical\MATLAB_includes\R2019b\rtw_modelmap_logging.h"
    LogicalPath="MATLAB_includes.R2019b.rtw_modelmap_logging.h"
    Type="File"
    LastWriteTime="132174985040000000"
    Private="false" />
  <Object
    Path="Z:\HYEONGJUN KIM\Hyundai_Heavy_Industry\BR_Projects\AS_Target_Simulink_Test_Jenkins\Logical\MATLAB_includes\R2019b\rtw_msvc_lshift.h"
    LogicalPath="MATLAB_includes.R2019b.rtw_msvc_lshift.h"
    Type="File"
    LastWriteTime="132174985040000000"
    Private="false" />
  <Object
    Path="Z:\HYEONGJUN KIM\Hyundai_Heavy_Industry\BR_Projects\AS_Target_Simulink_Test_Jenkins\Logical\MATLAB_includes\R2019b\rtw_solver.h"
    LogicalPath="MATLAB_includes.R2019b.rtw_solver.h"
    Type="File"
    LastWriteTime="132174985040000000"
    Private="false" />
  <Object
    Path="Z:\HYEONGJUN KIM\Hyundai_Heavy_Industry\BR_Projects\AS_Target_Simulink_Test_Jenkins\Logical\MATLAB_includes\R2019b\rtw_windows.h"
    LogicalPath="MATLAB_includes.R2019b.rtw_windows.h"
    Type="File"
    LastWriteTime="132174985040000000"
    Private="false" />
  <Object
    Path="Z:\HYEONGJUN KIM\Hyundai_Heavy_Industry\BR_Projects\AS_Target_Simulink_Test_Jenkins\Logical\MATLAB_includes\R2019b\sfcn_bridge.h"
    LogicalPath="MATLAB_includes.R2019b.sfcn_bridge.h"
    Type="File"
    LastWriteTime="132174985040000000"
    Private="false" />
  <Object
    Path="Z:\HYEONGJUN KIM\Hyundai_Heavy_Industry\BR_Projects\AS_Target_Simulink_Test_Jenkins\Logical\MATLAB_includes\R2019b\sfcn_loader_c_api.h"
    LogicalPath="MATLAB_includes.R2019b.sfcn_loader_c_api.h"
    Type="File"
    LastWriteTime="132174985040000000"
    Private="false" />
  <Object
    Path="Z:\HYEONGJUN KIM\Hyundai_Heavy_Industry\BR_Projects\AS_Target_Simulink_Test_Jenkins\Logical\MATLAB_includes\R2019b\sfun_rtwcg.hpp"
    LogicalPath="MATLAB_includes.R2019b.sfun_rtwcg.hpp"
    Type="File"
    LastWriteTime="132174985040000000"
    Private="false" />
  <Object
    Path="Z:\HYEONGJUN KIM\Hyundai_Heavy_Industry\BR_Projects\AS_Target_Simulink_Test_Jenkins\Logical\MATLAB_includes\R2019b\sigmapdef_sfcn.h"
    LogicalPath="MATLAB_includes.R2019b.sigmapdef_sfcn.h"
    Type="File"
    LastWriteTime="132174985040000000"
    Private="false" />
  <Object
    Path="Z:\HYEONGJUN KIM\Hyundai_Heavy_Industry\BR_Projects\AS_Target_Simulink_Test_Jenkins\Logical\MATLAB_includes\R2019b\sigregdef.h"
    LogicalPath="MATLAB_includes.R2019b.sigregdef.h"
    Type="File"
    LastWriteTime="132174985040000000"
    Private="false" />
  <Object
    Path="Z:\HYEONGJUN KIM\Hyundai_Heavy_Industry\BR_Projects\AS_Target_Simulink_Test_Jenkins\Logical\MATLAB_includes\R2019b\sigstream_rtw.h"
    LogicalPath="MATLAB_includes.R2019b.sigstream_rtw.h"
    Type="File"
    LastWriteTime="132174985040000000"
    Private="false" />
  <Object
    Path="Z:\HYEONGJUN KIM\Hyundai_Heavy_Industry\BR_Projects\AS_Target_Simulink_Test_Jenkins\Logical\MATLAB_includes\R2019b\simlogCIntrf.h"
    LogicalPath="MATLAB_includes.R2019b.simlogCIntrf.h"
    Type="File"
    LastWriteTime="132174985040000000"
    Private="false" />
  <Object
    Path="Z:\HYEONGJUN KIM\Hyundai_Heavy_Industry\BR_Projects\AS_Target_Simulink_Test_Jenkins\Logical\MATLAB_includes\R2019b\simstruc.h"
    LogicalPath="MATLAB_includes.R2019b.simstruc.h"
    Type="File"
    LastWriteTime="132174985040000000"
    Private="false" />
  <Object
    Path="Z:\HYEONGJUN KIM\Hyundai_Heavy_Industry\BR_Projects\AS_Target_Simulink_Test_Jenkins\Logical\MATLAB_includes\R2019b\simstruc_compcond.h"
    LogicalPath="MATLAB_includes.R2019b.simstruc_compcond.h"
    Type="File"
    LastWriteTime="132174985040000000"
    Private="false" />
  <Object
    Path="Z:\HYEONGJUN KIM\Hyundai_Heavy_Industry\BR_Projects\AS_Target_Simulink_Test_Jenkins\Logical\MATLAB_includes\R2019b\simstruc_debug.h"
    LogicalPath="MATLAB_includes.R2019b.simstruc_debug.h"
    Type="File"
    LastWriteTime="132174985040000000"
    Private="false" />
  <Object
    Path="Z:\HYEONGJUN KIM\Hyundai_Heavy_Industry\BR_Projects\AS_Target_Simulink_Test_Jenkins\Logical\MATLAB_includes\R2019b\simstruc_def.h"
    LogicalPath="MATLAB_includes.R2019b.simstruc_def.h"
    Type="File"
    LastWriteTime="132174985040000000"
    Private="false" />
  <Object
    Path="Z:\HYEONGJUN KIM\Hyundai_Heavy_Industry\BR_Projects\AS_Target_Simulink_Test_Jenkins\Logical\MATLAB_includes\R2019b\simstruc_internal.h"
    LogicalPath="MATLAB_includes.R2019b.simstruc_internal.h"
    Type="File"
    LastWriteTime="132174985040000000"
    Private="false" />
  <Object
    Path="Z:\HYEONGJUN KIM\Hyundai_Heavy_Industry\BR_Projects\AS_Target_Simulink_Test_Jenkins\Logical\MATLAB_includes\R2019b\simstruc_types.h"
    LogicalPath="MATLAB_includes.R2019b.simstruc_types.h"
    Type="File"
    LastWriteTime="132174985040000000"
    Private="false" />
  <Object
    Path="Z:\HYEONGJUN KIM\Hyundai_Heavy_Industry\BR_Projects\AS_Target_Simulink_Test_Jenkins\Logical\MATLAB_includes\R2019b\simulink.h"
    LogicalPath="MATLAB_includes.R2019b.simulink.h"
    Type="File"
    LastWriteTime="132174985040000000"
    Private="false" />
  <Object
    Path="Z:\HYEONGJUN KIM\Hyundai_Heavy_Industry\BR_Projects\AS_Target_Simulink_Test_Jenkins\Logical\MATLAB_includes\R2019b\simulink2.h"
    LogicalPath="MATLAB_includes.R2019b.simulink2.h"
    Type="File"
    LastWriteTime="132174985040000000"
    Private="false" />
  <Object
    Path="Z:\HYEONGJUN KIM\Hyundai_Heavy_Industry\BR_Projects\AS_Target_Simulink_Test_Jenkins\Logical\MATLAB_includes\R2019b\simulink_solver_api.h"
    LogicalPath="MATLAB_includes.R2019b.simulink_solver_api.h"
    Type="File"
    LastWriteTime="132174985040000000"
    Private="false" />
  <Object
    Path="Z:\HYEONGJUN KIM\Hyundai_Heavy_Industry\BR_Projects\AS_Target_Simulink_Test_Jenkins\Logical\MATLAB_includes\R2019b\sl_common_types_def.h"
    LogicalPath="MATLAB_includes.R2019b.sl_common_types_def.h"
    Type="File"
    LastWriteTime="132174985040000000"
    Private="false" />
  <Object
    Path="Z:\HYEONGJUN KIM\Hyundai_Heavy_Industry\BR_Projects\AS_Target_Simulink_Test_Jenkins\Logical\MATLAB_includes\R2019b\sl_datatype_access.h"
    LogicalPath="MATLAB_includes.R2019b.sl_datatype_access.h"
    Type="File"
    LastWriteTime="132174985040000000"
    Private="false" />
  <Object
    Path="Z:\HYEONGJUN KIM\Hyundai_Heavy_Industry\BR_Projects\AS_Target_Simulink_Test_Jenkins\Logical\MATLAB_includes\R2019b\sl_fileio_rtw.h"
    LogicalPath="MATLAB_includes.R2019b.sl_fileio_rtw.h"
    Type="File"
    LastWriteTime="132174985040000000"
    Private="false" />
  <Object
    Path="Z:\HYEONGJUN KIM\Hyundai_Heavy_Industry\BR_Projects\AS_Target_Simulink_Test_Jenkins\Logical\MATLAB_includes\R2019b\sl_fixpt.h"
    LogicalPath="MATLAB_includes.R2019b.sl_fixpt.h"
    Type="File"
    LastWriteTime="132174985040000000"
    Private="false" />
  <Object
    Path="Z:\HYEONGJUN KIM\Hyundai_Heavy_Industry\BR_Projects\AS_Target_Simulink_Test_Jenkins\Logical\MATLAB_includes\R2019b\sl_prodhwdevicetype.h"
    LogicalPath="MATLAB_includes.R2019b.sl_prodhwdevicetype.h"
    Type="File"
    LastWriteTime="132174985040000000"
    Private="false" />
  <Object
    Path="Z:\HYEONGJUN KIM\Hyundai_Heavy_Industry\BR_Projects\AS_Target_Simulink_Test_Jenkins\Logical\MATLAB_includes\R2019b\sl_report_types.h"
    LogicalPath="MATLAB_includes.R2019b.sl_report_types.h"
    Type="File"
    LastWriteTime="132174985040000000"
    Private="false" />
  <Object
    Path="Z:\HYEONGJUN KIM\Hyundai_Heavy_Industry\BR_Projects\AS_Target_Simulink_Test_Jenkins\Logical\MATLAB_includes\R2019b\sl_sample_time_defs.h"
    LogicalPath="MATLAB_includes.R2019b.sl_sample_time_defs.h"
    Type="File"
    LastWriteTime="132174985040000000"
    Private="false" />
  <Object
    Path="Z:\HYEONGJUN KIM\Hyundai_Heavy_Industry\BR_Projects\AS_Target_Simulink_Test_Jenkins\Logical\MATLAB_includes\R2019b\sl_sfcn_st_api.h"
    LogicalPath="MATLAB_includes.R2019b.sl_sfcn_st_api.h"
    Type="File"
    LastWriteTime="132174985040000000"
    Private="false" />
  <Object
    Path="Z:\HYEONGJUN KIM\Hyundai_Heavy_Industry\BR_Projects\AS_Target_Simulink_Test_Jenkins\Logical\MATLAB_includes\R2019b\sl_solver_rtw.h"
    LogicalPath="MATLAB_includes.R2019b.sl_solver_rtw.h"
    Type="File"
    LastWriteTime="132174985040000000"
    Private="false" />
  <Object
    Path="Z:\HYEONGJUN KIM\Hyundai_Heavy_Industry\BR_Projects\AS_Target_Simulink_Test_Jenkins\Logical\MATLAB_includes\R2019b\sl_types_def.h"
    LogicalPath="MATLAB_includes.R2019b.sl_types_def.h"
    Type="File"
    LastWriteTime="132174985040000000"
    Private="false" />
  <Object
    Path="Z:\HYEONGJUN KIM\Hyundai_Heavy_Industry\BR_Projects\AS_Target_Simulink_Test_Jenkins\Logical\MATLAB_includes\R2019b\slexec_block_runtime_service.h"
    LogicalPath="MATLAB_includes.R2019b.slexec_block_runtime_service.h"
    Type="File"
    LastWriteTime="132174985040000000"
    Private="false" />
  <Object
    Path="Z:\HYEONGJUN KIM\Hyundai_Heavy_Industry\BR_Projects\AS_Target_Simulink_Test_Jenkins\Logical\MATLAB_includes\R2019b\slexec_parallel.h"
    LogicalPath="MATLAB_includes.R2019b.slexec_parallel.h"
    Type="File"
    LastWriteTime="132174985040000000"
    Private="false" />
  <Object
    Path="Z:\HYEONGJUN KIM\Hyundai_Heavy_Industry\BR_Projects\AS_Target_Simulink_Test_Jenkins\Logical\MATLAB_includes\R2019b\slexec_simbridge.h"
    LogicalPath="MATLAB_includes.R2019b.slexec_simbridge.h"
    Type="File"
    LastWriteTime="132174985040000000"
    Private="false" />
  <Object
    Path="Z:\HYEONGJUN KIM\Hyundai_Heavy_Industry\BR_Projects\AS_Target_Simulink_Test_Jenkins\Logical\MATLAB_includes\R2019b\slexec_simstruct_bridge.h"
    LogicalPath="MATLAB_includes.R2019b.slexec_simstruct_bridge.h"
    Type="File"
    LastWriteTime="132174985040000000"
    Private="false" />
  <Object
    Path="Z:\HYEONGJUN KIM\Hyundai_Heavy_Industry\BR_Projects\AS_Target_Simulink_Test_Jenkins\Logical\MATLAB_includes\R2019b\slexec_vm_lookup_functions.h"
    LogicalPath="MATLAB_includes.R2019b.slexec_vm_lookup_functions.h"
    Type="File"
    LastWriteTime="132174985040000000"
    Private="false" />
  <Object
    Path="Z:\HYEONGJUN KIM\Hyundai_Heavy_Industry\BR_Projects\AS_Target_Simulink_Test_Jenkins\Logical\MATLAB_includes\R2019b\slexec_vm_rt_functions.h"
    LogicalPath="MATLAB_includes.R2019b.slexec_vm_rt_functions.h"
    Type="File"
    LastWriteTime="132174985040000000"
    Private="false" />
  <Object
    Path="Z:\HYEONGJUN KIM\Hyundai_Heavy_Industry\BR_Projects\AS_Target_Simulink_Test_Jenkins\Logical\MATLAB_includes\R2019b\slexec_vm_simstruct_bridge.h"
    LogicalPath="MATLAB_includes.R2019b.slexec_vm_simstruct_bridge.h"
    Type="File"
    LastWriteTime="132174985040000000"
    Private="false" />
  <Object
    Path="Z:\HYEONGJUN KIM\Hyundai_Heavy_Industry\BR_Projects\AS_Target_Simulink_Test_Jenkins\Logical\MATLAB_includes\R2019b\slexec_vm_zc_functions.h"
    LogicalPath="MATLAB_includes.R2019b.slexec_vm_zc_functions.h"
    Type="File"
    LastWriteTime="132174985040000000"
    Private="false" />
  <Object
    Path="Z:\HYEONGJUN KIM\Hyundai_Heavy_Industry\BR_Projects\AS_Target_Simulink_Test_Jenkins\Logical\MATLAB_includes\R2019b\slsv_diagnostic_codegen_c_api.h"
    LogicalPath="MATLAB_includes.R2019b.slsv_diagnostic_codegen_c_api.h"
    Type="File"
    LastWriteTime="132174985040000000"
    Private="false" />
  <Object
    Path="Z:\HYEONGJUN KIM\Hyundai_Heavy_Industry\BR_Projects\AS_Target_Simulink_Test_Jenkins\Logical\MATLAB_includes\R2019b\slsv_diagnostic_logger_type.h"
    LogicalPath="MATLAB_includes.R2019b.slsv_diagnostic_logger_type.h"
    Type="File"
    LastWriteTime="132174985040000000"
    Private="false" />
  <Object
    Path="Z:\HYEONGJUN KIM\Hyundai_Heavy_Industry\BR_Projects\AS_Target_Simulink_Test_Jenkins\Logical\MATLAB_includes\R2019b\slsv_mexhelper.h"
    LogicalPath="MATLAB_includes.R2019b.slsv_mexhelper.h"
    Type="File"
    LastWriteTime="132174985040000000"
    Private="false" />
  <Object
    Path="Z:\HYEONGJUN KIM\Hyundai_Heavy_Industry\BR_Projects\AS_Target_Simulink_Test_Jenkins\Logical\MATLAB_includes\R2019b\solver_zc.h"
    LogicalPath="MATLAB_includes.R2019b.solver_zc.h"
    Type="File"
    LastWriteTime="132174985040000000"
    Private="false" />
  <Object
    Path="Z:\HYEONGJUN KIM\Hyundai_Heavy_Industry\BR_Projects\AS_Target_Simulink_Test_Jenkins\Logical\MATLAB_includes\R2019b\sysran_types.h"
    LogicalPath="MATLAB_includes.R2019b.sysran_types.h"
    Type="File"
    LastWriteTime="132174985040000000"
    Private="false" />
  <Object
    Path="Z:\HYEONGJUN KIM\Hyundai_Heavy_Industry\BR_Projects\AS_Target_Simulink_Test_Jenkins\Logical\MATLAB_includes\R2019b\tmwtypes.h"
    LogicalPath="MATLAB_includes.R2019b.tmwtypes.h"
    Type="File"
    LastWriteTime="132174985040000000"
    Private="false" />
  <Object
    Path="Z:\HYEONGJUN KIM\Hyundai_Heavy_Industry\BR_Projects\AS_Target_Simulink_Test_Jenkins\Logical\MATLAB_includes\R2019b\updown.h"
    LogicalPath="MATLAB_includes.R2019b.updown.h"
    Type="File"
    LastWriteTime="132174985040000000"
    Private="false" />
  <Object
    Path="Z:\HYEONGJUN KIM\Hyundai_Heavy_Industry\BR_Projects\AS_Target_Simulink_Test_Jenkins\Logical\MATLAB_includes\R2019b\updown_util.h"
    LogicalPath="MATLAB_includes.R2019b.updown_util.h"
    Type="File"
    LastWriteTime="132174985040000000"
    Private="false" />
  <Object
    Path="Z:\HYEONGJUN KIM\Hyundai_Heavy_Industry\BR_Projects\AS_Target_Simulink_Test_Jenkins\Logical\MATLAB_includes\R2019b\upsup_public.h"
    LogicalPath="MATLAB_includes.R2019b.upsup_public.h"
    Type="File"
    LastWriteTime="132174985040000000"
    Private="false" />
  <Object
    Path="Z:\HYEONGJUN KIM\Hyundai_Heavy_Industry\BR_Projects\AS_Target_Simulink_Test_Jenkins\Logical\MATLAB_includes\R2019b\sf_runtime\Package.pkg"
    LogicalPath="MATLAB_includes.R2019b.sf_runtime"
    Type="Package"
    LastWriteTime="132174985040000000" />
  <Object
    Path="Z:\HYEONGJUN KIM\Hyundai_Heavy_Industry\BR_Projects\AS_Target_Simulink_Test_Jenkins\Logical\MATLAB_includes\R2019b\sf_runtime\MessageServiceLayer.h"
    LogicalPath="MATLAB_includes.R2019b.sf_runtime.MessageServiceLayer.h"
    Type="File"
    LastWriteTime="132174985040000000"
    Private="false" />
  <Object
    Path="Z:\HYEONGJUN KIM\Hyundai_Heavy_Industry\BR_Projects\AS_Target_Simulink_Test_Jenkins\Logical\MATLAB_includes\R2019b\sf_runtime\sf_runtime_errors.h"
    LogicalPath="MATLAB_includes.R2019b.sf_runtime.sf_runtime_errors.h"
    Type="File"
    LastWriteTime="132174985040000000"
    Private="false" />
  <Object
    Path="Z:\HYEONGJUN KIM\Hyundai_Heavy_Industry\BR_Projects\AS_Target_Simulink_Test_Jenkins\Logical\MATLAB_includes\R2019b\sf_runtime\sf_runtime_spec.h"
    LogicalPath="MATLAB_includes.R2019b.sf_runtime.sf_runtime_spec.h"
    Type="File"
    LastWriteTime="132174985040000000"
    Private="false" />
  <Object
    Path="Z:\HYEONGJUN KIM\Hyundai_Heavy_Industry\BR_Projects\AS_Target_Simulink_Test_Jenkins\Logical\MATLAB_includes\R2019b\sf_runtime\sf_runtime_types.h"
    LogicalPath="MATLAB_includes.R2019b.sf_runtime.sf_runtime_types.h"
    Type="File"
    LastWriteTime="132174985040000000"
    Private="false" />
  <Object
    Path="Z:\HYEONGJUN KIM\Hyundai_Heavy_Industry\BR_Projects\AS_Target_Simulink_Test_Jenkins\Logical\MATLAB_includes\R2019b\sf_runtime\sf_test_language.h"
    LogicalPath="MATLAB_includes.R2019b.sf_runtime.sf_test_language.h"
    Type="File"
    LastWriteTime="132174985040000000"
    Private="false" />
  <Object
    Path="Z:\HYEONGJUN KIM\Hyundai_Heavy_Industry\BR_Projects\AS_Target_Simulink_Test_Jenkins\Logical\MATLAB_includes\R2019b\sf_runtime\sfc_api.h"
    LogicalPath="MATLAB_includes.R2019b.sf_runtime.sfc_api.h"
    Type="File"
    LastWriteTime="132174985040000000"
    Private="false" />
  <Object
    Path="Z:\HYEONGJUN KIM\Hyundai_Heavy_Industry\BR_Projects\AS_Target_Simulink_Test_Jenkins\Logical\MATLAB_includes\R2019b\sf_runtime\sfc_messages.h"
    LogicalPath="MATLAB_includes.R2019b.sf_runtime.sfc_messages.h"
    Type="File"
    LastWriteTime="132174985040000000"
    Private="false" />
  <Object
    Path="Z:\HYEONGJUN KIM\Hyundai_Heavy_Industry\BR_Projects\AS_Target_Simulink_Test_Jenkins\Logical\MATLAB_includes\R2019b\sf_runtime\sfc_mex.h"
    LogicalPath="MATLAB_includes.R2019b.sf_runtime.sfc_mex.h"
    Type="File"
    LastWriteTime="132174985040000000"
    Private="false" />
  <Object
    Path="Z:\HYEONGJUN KIM\Hyundai_Heavy_Industry\BR_Projects\AS_Target_Simulink_Test_Jenkins\Logical\MATLAB_includes\R2019b\sf_runtime\sfc_sdi.h"
    LogicalPath="MATLAB_includes.R2019b.sf_runtime.sfc_sdi.h"
    Type="File"
    LastWriteTime="132174985040000000"
    Private="false" />
  <Object
    Path="Z:\HYEONGJUN KIM\Hyundai_Heavy_Industry\BR_Projects\AS_Target_Simulink_Test_Jenkins\Logical\MATLAB_includes\R2019b\sf_runtime\sfc_sf.h"
    LogicalPath="MATLAB_includes.R2019b.sf_runtime.sfc_sf.h"
    Type="File"
    LastWriteTime="132174985040000000"
    Private="false" />
  <Object
    Path="Z:\HYEONGJUN KIM\Hyundai_Heavy_Industry\BR_Projects\AS_Target_Simulink_Test_Jenkins\Logical\MATLAB_includes\R2019b\sf_runtime\sfcdebug.h"
    LogicalPath="MATLAB_includes.R2019b.sf_runtime.sfcdebug.h"
    Type="File"
    LastWriteTime="132174985040000000"
    Private="false" />
  <Object
    Path="Z:\HYEONGJUN KIM\Hyundai_Heavy_Industry\BR_Projects\AS_Target_Simulink_Test_Jenkins\Logical\MATLAB_includes\R2019b\sf_runtime\slTestResult.h"
    LogicalPath="MATLAB_includes.R2019b.sf_runtime.slTestResult.h"
    Type="File"
    LastWriteTime="132174985040000000"
    Private="false" />
  <Object
    Path="Z:\HYEONGJUN KIM\Hyundai_Heavy_Industry\BR_Projects\AS_Target_Simulink_Test_Jenkins\Logical\MATLAB_includes\R2019b\sf_runtime\slTestTypes.h"
    LogicalPath="MATLAB_includes.R2019b.sf_runtime.slTestTypes.h"
    Type="File"
    LastWriteTime="132174985040000000"
    Private="false" />
  <Object
    Path="Z:\HYEONGJUN KIM\Hyundai_Heavy_Industry\BR_Projects\AS_Target_Simulink_Test_Jenkins\Logical\MATLAB_includes\R2019b\sf_runtime\utils.h"
    LogicalPath="MATLAB_includes.R2019b.sf_runtime.utils.h"
    Type="File"
    LastWriteTime="132174985040000000"
    Private="false" />
  <Object
    Path="Z:\HYEONGJUN KIM\Hyundai_Heavy_Industry\BR_Projects\AS_Target_Simulink_Test_Jenkins\Logical\MATLAB_includes\R2019b\sf_runtime\ChartInfoStruct.h"
    LogicalPath="MATLAB_includes.R2019b.sf_runtime.ChartInfoStruct.h"
    Type="File"
    LastWriteTime="132174985040000000"
    Private="false" />
  <Object
    Path="Z:\HYEONGJUN KIM\Hyundai_Heavy_Industry\BR_Projects\AS_Target_Simulink_Test_Jenkins\Logical\MATLAB_includes\R2019b\sf_runtime\DebuggerRuntimeInterface.h"
    LogicalPath="MATLAB_includes.R2019b.sf_runtime.DebuggerRuntimeInterface.h"
    Type="File"
    LastWriteTime="132174985040000000"
    Private="false" />
  <Object
    Path="Z:\HYEONGJUN KIM\Hyundai_Heavy_Industry\BR_Projects\AS_Target_Simulink_Test_Jenkins\Logical\Model\Package.pkg"
    LogicalPath="Model"
    Type="Package"
    LastWriteTime="132932567055537812" />
  <Object
    Path="Z:\HYEONGJUN KIM\Hyundai_Heavy_Industry\BR_Projects\AS_Target_Simulink_Test_Jenkins\Logical\Model\pend_mod\ANSIC.prg"
    LogicalPath="Model.pend_mod"
    Type="Program"
    LastWriteTime="132932567051841962" />
  <Object
    Path="Z:\HYEONGJUN KIM\Hyundai_Heavy_Industry\BR_Projects\AS_Target_Simulink_Test_Jenkins\Logical\Model\pend_mod\global.txt"
    LogicalPath="Model.pend_mod.global.txt"
    Type="File"
    LastWriteTime="132932566962713614"
    Private="false" />
  <Object
    Path="Z:\HYEONGJUN KIM\Hyundai_Heavy_Industry\BR_Projects\AS_Target_Simulink_Test_Jenkins\Logical\Model\pend_mod\local.typ"
    LogicalPath="Model.pend_mod.local.typ"
    Type="File"
    LastWriteTime="132932566963333679"
    Private="true" />
  <Object
    Path="Z:\HYEONGJUN KIM\Hyundai_Heavy_Industry\BR_Projects\AS_Target_Simulink_Test_Jenkins\Logical\Model\pend_mod\local.var"
    LogicalPath="Model.pend_mod.local.var"
    Type="File"
    LastWriteTime="132932566962561408"
    Private="true" />
  <Object
    Path="Z:\HYEONGJUN KIM\Hyundai_Heavy_Industry\BR_Projects\AS_Target_Simulink_Test_Jenkins\Logical\Model\pend_mod\pend_mod.c"
    LogicalPath="Model.pend_mod.pend_mod.c"
    Type="File"
    LastWriteTime="132944134661157194"
    Private="false" />
  <Object
    Path="Z:\HYEONGJUN KIM\Hyundai_Heavy_Industry\BR_Projects\AS_Target_Simulink_Test_Jenkins\Logical\Model\pend_mod\pend_mod_nlin.c"
    LogicalPath="Model.pend_mod.pend_mod_nlin.c"
    Type="File"
    LastWriteTime="132932566960000000"
    Private="false" />
  <Object
    Path="Z:\HYEONGJUN KIM\Hyundai_Heavy_Industry\BR_Projects\AS_Target_Simulink_Test_Jenkins\Logical\Model\pend_mod\pend_mod_nlin.h"
    LogicalPath="Model.pend_mod.pend_mod_nlin.h"
    Type="File"
    LastWriteTime="132932567049523720"
    Private="false" />
  <Object
    Path="Z:\HYEONGJUN KIM\Hyundai_Heavy_Industry\BR_Projects\AS_Target_Simulink_Test_Jenkins\Logical\Model\pend_mod\pend_mod_nlin_private.h"
    LogicalPath="Model.pend_mod.pend_mod_nlin_private.h"
    Type="File"
    LastWriteTime="132932566960000000"
    Private="false" />
  <Object
    Path="Z:\HYEONGJUN KIM\Hyundai_Heavy_Industry\BR_Projects\AS_Target_Simulink_Test_Jenkins\Logical\Model\pend_mod\pend_mod_nlin_types.h"
    LogicalPath="Model.pend_mod.pend_mod_nlin_types.h"
    Type="File"
    LastWriteTime="132932566960000000"
    Private="false" />
  <Object
    Path="Z:\HYEONGJUN KIM\Hyundai_Heavy_Industry\BR_Projects\AS_Target_Simulink_Test_Jenkins\Logical\Model\pend_mod\rtwtypes.h"
    LogicalPath="Model.pend_mod.rtwtypes.h"
    Type="File"
    LastWriteTime="132932567050726284"
    Private="false" />
  <Object
    Path="Z:\HYEONGJUN KIM\Hyundai_Heavy_Industry\BR_Projects\AS_Target_Simulink_Test_Jenkins\Logical\Model\pend_mod\task_properties.txt"
    LogicalPath="Model.pend_mod.task_properties.txt"
    Type="File"
    LastWriteTime="132932567047879174"
    Private="false" />
  <Object
    Path="Z:\HYEONGJUN KIM\Hyundai_Heavy_Industry\BR_Projects\AS_Target_Simulink_Test_Jenkins\Logical\Controller\Package.pkg"
    LogicalPath="Controller"
    Type="Package"
    LastWriteTime="132935504052329587" />
  <Object
    Path="Z:\HYEONGJUN KIM\Hyundai_Heavy_Industry\BR_Projects\AS_Target_Simulink_Test_Jenkins\Logical\Controller\pend_ctrl\ANSIC.prg"
    LogicalPath="Controller.pend_ctrl"
    Type="Program"
    LastWriteTime="132932560537670219" />
  <Object
    Path="Z:\HYEONGJUN KIM\Hyundai_Heavy_Industry\BR_Projects\AS_Target_Simulink_Test_Jenkins\Logical\Controller\pend_ctrl\local.typ"
    LogicalPath="Controller.pend_ctrl.local.typ"
    Type="File"
    LastWriteTime="132932560462668048"
    Private="true" />
  <Object
    Path="Z:\HYEONGJUN KIM\Hyundai_Heavy_Industry\BR_Projects\AS_Target_Simulink_Test_Jenkins\Logical\Controller\pend_ctrl\local.var"
    LogicalPath="Controller.pend_ctrl.local.var"
    Type="File"
    LastWriteTime="132932585219801176"
    Private="true" />
  <Object
    Path="Z:\HYEONGJUN KIM\Hyundai_Heavy_Industry\BR_Projects\AS_Target_Simulink_Test_Jenkins\Logical\Controller\pend_ctrl\pend_ctrl.c"
    LogicalPath="Controller.pend_ctrl.pend_ctrl.c"
    Type="File"
    LastWriteTime="132937725503421970"
    Private="false" />
  <Object
    Path="Z:\HYEONGJUN KIM\Hyundai_Heavy_Industry\BR_Projects\AS_Target_Simulink_Test_Jenkins\Logical\Controller\pend_ctrl\pend_ctrl_lin.c"
    LogicalPath="Controller.pend_ctrl.pend_ctrl_lin.c"
    Type="File"
    LastWriteTime="132932560535063318"
    Private="false" />
  <Object
    Path="Z:\HYEONGJUN KIM\Hyundai_Heavy_Industry\BR_Projects\AS_Target_Simulink_Test_Jenkins\Logical\Controller\pend_ctrl\pend_ctrl_lin.h"
    LogicalPath="Controller.pend_ctrl.pend_ctrl_lin.h"
    Type="File"
    LastWriteTime="132932560535543821"
    Private="false" />
  <Object
    Path="Z:\HYEONGJUN KIM\Hyundai_Heavy_Industry\BR_Projects\AS_Target_Simulink_Test_Jenkins\Logical\Controller\pend_ctrl\pend_ctrl_lin_private.h"
    LogicalPath="Controller.pend_ctrl.pend_ctrl_lin_private.h"
    Type="File"
    LastWriteTime="132932560534815770"
    Private="false" />
  <Object
    Path="Z:\HYEONGJUN KIM\Hyundai_Heavy_Industry\BR_Projects\AS_Target_Simulink_Test_Jenkins\Logical\Controller\pend_ctrl\pend_ctrl_lin_types.h"
    LogicalPath="Controller.pend_ctrl.pend_ctrl_lin_types.h"
    Type="File"
    LastWriteTime="132932560536221206"
    Private="false" />
  <Object
    Path="Z:\HYEONGJUN KIM\Hyundai_Heavy_Industry\BR_Projects\AS_Target_Simulink_Test_Jenkins\Logical\Controller\pend_ctrl\rtwtypes.h"
    LogicalPath="Controller.pend_ctrl.rtwtypes.h"
    Type="File"
    LastWriteTime="132932560536602970"
    Private="false" />
  <Object
    Path="Z:\HYEONGJUN KIM\Hyundai_Heavy_Industry\BR_Projects\AS_Target_Simulink_Test_Jenkins\Logical\Controller\pend_ctrl\task_properties.txt"
    LogicalPath="Controller.pend_ctrl.task_properties.txt"
    Type="File"
    LastWriteTime="132932560534562914"
    Private="false" />
  <Object
    Path="Z:\HYEONGJUN KIM\Hyundai_Heavy_Industry\BR_Projects\AS_Target_Simulink_Test_Jenkins\Logical\TD_Test\ANSIC.prg"
    LogicalPath="TD_Test"
    Type="Program"
    LastWriteTime="132941540180000000" />
  <Object
    Path="Z:\HYEONGJUN KIM\Hyundai_Heavy_Industry\BR_Projects\AS_Target_Simulink_Test_Jenkins\Logical\TD_Test\TD_Test.c"
    LogicalPath="TD_Test.TD_Test.c"
    Type="File"
    LastWriteTime="132941687572493840"
    Private="false" />
  <Object
    Path="Z:\HYEONGJUN KIM\Hyundai_Heavy_Industry\BR_Projects\AS_Target_Simulink_Test_Jenkins\Logical\TD_Test\TransmissionDownshiftTestSequence.c"
    LogicalPath="TD_Test.TransmissionDownshiftTestSequence.c"
    Type="File"
    LastWriteTime="132941687572323810"
    Private="false" />
  <Object
    Path="Z:\HYEONGJUN KIM\Hyundai_Heavy_Industry\BR_Projects\AS_Target_Simulink_Test_Jenkins\Logical\TD_Test\TransmissionDownshiftTestSequence.h"
    LogicalPath="TD_Test.TransmissionDownshiftTestSequence.h"
    Type="File"
    LastWriteTime="132941540180000000"
    Private="false" />
  <Object
    Path="Z:\HYEONGJUN KIM\Hyundai_Heavy_Industry\BR_Projects\AS_Target_Simulink_Test_Jenkins\Logical\TD_Test\TransmissionDownshiftTestSequence_data.c"
    LogicalPath="TD_Test.TransmissionDownshiftTestSequence_data.c"
    Type="File"
    LastWriteTime="132941540150000000"
    Private="false" />
  <Object
    Path="Z:\HYEONGJUN KIM\Hyundai_Heavy_Industry\BR_Projects\AS_Target_Simulink_Test_Jenkins\Logical\TD_Test\TransmissionDownshiftTestSequence_private.h"
    LogicalPath="TD_Test.TransmissionDownshiftTestSequence_private.h"
    Type="File"
    LastWriteTime="132941540180000000"
    Private="false" />
  <Object
    Path="Z:\HYEONGJUN KIM\Hyundai_Heavy_Industry\BR_Projects\AS_Target_Simulink_Test_Jenkins\Logical\TD_Test\TransmissionDownshiftTestSequence_types.h"
    LogicalPath="TD_Test.TransmissionDownshiftTestSequence_types.h"
    Type="File"
    LastWriteTime="132941540180000000"
    Private="false" />
  <Object
    Path="Z:\HYEONGJUN KIM\Hyundai_Heavy_Industry\BR_Projects\AS_Target_Simulink_Test_Jenkins\Logical\TD_Test\local.typ"
    LogicalPath="TD_Test.local.typ"
    Type="File"
    LastWriteTime="132941540140000000"
    Private="true" />
  <Object
    Path="Z:\HYEONGJUN KIM\Hyundai_Heavy_Industry\BR_Projects\AS_Target_Simulink_Test_Jenkins\Logical\TD_Test\local.var"
    LogicalPath="TD_Test.local.var"
    Type="File"
    LastWriteTime="132941540140000000"
    Private="true" />
  <Object
    Path="Z:\HYEONGJUN KIM\Hyundai_Heavy_Industry\BR_Projects\AS_Target_Simulink_Test_Jenkins\Logical\TD_Test\rtwtypes.h"
    LogicalPath="TD_Test.rtwtypes.h"
    Type="File"
    LastWriteTime="132941540180000000"
    Private="false" />
  <Object
    Path="Z:\HYEONGJUN KIM\Hyundai_Heavy_Industry\BR_Projects\AS_Target_Simulink_Test_Jenkins\Logical\TD_Test\task_properties.txt"
    LogicalPath="TD_Test.task_properties.txt"
    Type="File"
    LastWriteTime="132941540180000000"
    Private="false" />
  <Object
    Path="Z:\HYEONGJUN KIM\Hyundai_Heavy_Industry\BR_Projects\AS_Target_Simulink_Test_Jenkins\Logical\sltest\ANSIC.prg"
    LogicalPath="sltest"
    Type="Program"
    LastWriteTime="132943863031482259" />
  <Object
    Path="Z:\HYEONGJUN KIM\Hyundai_Heavy_Industry\BR_Projects\AS_Target_Simulink_Test_Jenkins\Logical\sltest\local.typ"
    LogicalPath="sltest.local.typ"
    Type="File"
    LastWriteTime="132941710260000000"
    Private="true" />
  <Object
    Path="Z:\HYEONGJUN KIM\Hyundai_Heavy_Industry\BR_Projects\AS_Target_Simulink_Test_Jenkins\Logical\sltest\sltest.var"
    LogicalPath="sltest.sltest.var"
    Type="File"
    LastWriteTime="132943860010000000"
    Private="true" />
  <Object
    Path="Z:\HYEONGJUN KIM\Hyundai_Heavy_Industry\BR_Projects\AS_Target_Simulink_Test_Jenkins\Logical\sltest\rtwtypes.h"
    LogicalPath="sltest.rtwtypes.h"
    Type="File"
    LastWriteTime="132941710330000000"
    Private="false" />
  <Object
    Path="Z:\HYEONGJUN KIM\Hyundai_Heavy_Industry\BR_Projects\AS_Target_Simulink_Test_Jenkins\Logical\sltest\sltest.c"
    LogicalPath="sltest.sltest.c"
    Type="File"
    LastWriteTime="132941710330000000"
    Private="false" />
  <Object
    Path="Z:\HYEONGJUN KIM\Hyundai_Heavy_Industry\BR_Projects\AS_Target_Simulink_Test_Jenkins\Logical\sltest\sltestCruiseControlDefective.c"
    LogicalPath="sltest.sltestCruiseControlDefective.c"
    Type="File"
    LastWriteTime="132943860010000000"
    Private="false" />
  <Object
    Path="Z:\HYEONGJUN KIM\Hyundai_Heavy_Industry\BR_Projects\AS_Target_Simulink_Test_Jenkins\Logical\sltest\sltestCruiseControlDefective.h"
    LogicalPath="sltest.sltestCruiseControlDefective.h"
    Type="File"
    LastWriteTime="132943804130000000"
    Private="false" />
  <Object
    Path="Z:\HYEONGJUN KIM\Hyundai_Heavy_Industry\BR_Projects\AS_Target_Simulink_Test_Jenkins\Logical\sltest\sltestCruiseControlDefective_data.c"
    LogicalPath="sltest.sltestCruiseControlDefective_data.c"
    Type="File"
    LastWriteTime="132941710260000000"
    Private="false" />
  <Object
    Path="Z:\HYEONGJUN KIM\Hyundai_Heavy_Industry\BR_Projects\AS_Target_Simulink_Test_Jenkins\Logical\sltest\sltestCruiseControlDefective_private.h"
    LogicalPath="sltest.sltestCruiseControlDefective_private.h"
    Type="File"
    LastWriteTime="132941710330000000"
    Private="false" />
  <Object
    Path="Z:\HYEONGJUN KIM\Hyundai_Heavy_Industry\BR_Projects\AS_Target_Simulink_Test_Jenkins\Logical\sltest\sltestCruiseControlDefective_types.h"
    LogicalPath="sltest.sltestCruiseControlDefective_types.h"
    Type="File"
    LastWriteTime="132941710330000000"
    Private="false" />
  <Object
    Path="Z:\HYEONGJUN KIM\Hyundai_Heavy_Industry\BR_Projects\AS_Target_Simulink_Test_Jenkins\Logical\sltest\task_properties.txt"
    LogicalPath="sltest.task_properties.txt"
    Type="File"
    LastWriteTime="132941710330000000"
    Private="false" />
  <Object
    Path="Z:\HYEONGJUN KIM\Hyundai_Heavy_Industry\BR_Projects\AS_Target_Simulink_Test_Jenkins\Physical\Config1\Config.pkg"
    LogicalPath="Config1"
    Type="Configuration.ParentUnknown"
    LastWriteTime="132924882067293700" />
  <Object
    Path="Z:\HYEONGJUN KIM\Hyundai_Heavy_Industry\BR_Projects\AS_Target_Simulink_Test_Jenkins\Physical\Config1\Hardware.hw"
    LogicalPath="Config1.Hardware.hw"
    Type="File"
    LastWriteTime="132935353535150361"
    Private="false" />
  <Object
    Path="Z:\HYEONGJUN KIM\Hyundai_Heavy_Industry\BR_Projects\AS_Target_Simulink_Test_Jenkins\Physical\Config1\Hardware.hwl"
    LogicalPath="Config1.Hardware.hwl"
    Type="File"
    LastWriteTime="131865063240000000"
    Private="false" />
  <Object
    Path="Z:\HYEONGJUN KIM\Hyundai_Heavy_Industry\BR_Projects\AS_Target_Simulink_Test_Jenkins\Physical\Config1\PC\Cpu.pkg"
    LogicalPath="Config1.PC"
    Type="Cpu"
    LastWriteTime="132924882049916997" />
  <Object
    Path="Z:\HYEONGJUN KIM\Hyundai_Heavy_Industry\BR_Projects\AS_Target_Simulink_Test_Jenkins\Physical\Config1\PC\Cpu.sw"
    LogicalPath="Config1.PC.Cpu.sw"
    Type="File"
    LastWriteTime="132935504052599641"
    Private="false" />
  <Object
    Path="Z:\HYEONGJUN KIM\Hyundai_Heavy_Industry\BR_Projects\AS_Target_Simulink_Test_Jenkins\Physical\Config1\PC\Cpu.per"
    LogicalPath="Config1.PC.Cpu.per"
    Type="File"
    LastWriteTime="132924882049014925"
    Private="false" />
  <Object
    Path="Z:\HYEONGJUN KIM\Hyundai_Heavy_Industry\BR_Projects\AS_Target_Simulink_Test_Jenkins\Physical\Config1\PC\IoMap.iom"
    LogicalPath="Config1.PC.IoMap.iom"
    Type="File"
    LastWriteTime="132924882049034942"
    Private="false" />
  <Object
    Path="Z:\HYEONGJUN KIM\Hyundai_Heavy_Industry\BR_Projects\AS_Target_Simulink_Test_Jenkins\Physical\Config1\PC\PvMap.vvm"
    LogicalPath="Config1.PC.PvMap.vvm"
    Type="File"
    LastWriteTime="132924882049054947"
    Private="false" />
  <Object
    Path="Z:\HYEONGJUN KIM\Hyundai_Heavy_Industry\BR_Projects\AS_Target_Simulink_Test_Jenkins\Physical\Config1\PC\Connectivity\Package.pkg"
    LogicalPath="Config1.PC.Connectivity"
    Type="Package"
    LastWriteTime="132924882049256853" />
  <Object
    Path="Z:\HYEONGJUN KIM\Hyundai_Heavy_Industry\BR_Projects\AS_Target_Simulink_Test_Jenkins\Physical\Config1\PC\Connectivity\OpcUA\Package.pkg"
    LogicalPath="Config1.PC.Connectivity.OpcUA"
    Type="Package"
    LastWriteTime="132935299695433564" />
  <Object
    Path="Z:\HYEONGJUN KIM\Hyundai_Heavy_Industry\BR_Projects\AS_Target_Simulink_Test_Jenkins\Physical\Config1\PC\Connectivity\OpcUA\OpcUaMap.uad"
    LogicalPath="Config1.PC.Connectivity.OpcUA.OpcUaMap.uad"
    Type="File"
    LastWriteTime="132937754100781528"
    Private="false" />
  <Object
    Path="Z:\HYEONGJUN KIM\Hyundai_Heavy_Industry\BR_Projects\AS_Target_Simulink_Test_Jenkins\Physical\Config1\PC\TextSystem\Package.pkg"
    LogicalPath="Config1.PC.TextSystem"
    Type="Package"
    LastWriteTime="132924882049286858" />
  <Object
    Path="Z:\HYEONGJUN KIM\Hyundai_Heavy_Industry\BR_Projects\AS_Target_Simulink_Test_Jenkins\Physical\Config1\PC\UnitSystem\Package.pkg"
    LogicalPath="Config1.PC.UnitSystem"
    Type="Package"
    LastWriteTime="132924882049316864" />
  <Object
    Path="Z:\HYEONGJUN KIM\Hyundai_Heavy_Industry\BR_Projects\AS_Target_Simulink_Test_Jenkins\Physical\Config1\PC\AccessAndSecurity\Package.pkg"
    LogicalPath="Config1.PC.AccessAndSecurity"
    Type="Package"
    LastWriteTime="132924882049716953" />
  <Object
    Path="Z:\HYEONGJUN KIM\Hyundai_Heavy_Industry\BR_Projects\AS_Target_Simulink_Test_Jenkins\Physical\Config1\PC\AccessAndSecurity\UserRoleSystem\Package.pkg"
    LogicalPath="Config1.PC.AccessAndSecurity.UserRoleSystem"
    Type="Package"
    LastWriteTime="132924882049436892" />
  <Object
    Path="Z:\HYEONGJUN KIM\Hyundai_Heavy_Industry\BR_Projects\AS_Target_Simulink_Test_Jenkins\Physical\Config1\PC\AccessAndSecurity\UserRoleSystem\Role.role"
    LogicalPath="Config1.PC.AccessAndSecurity.UserRoleSystem.Role.role"
    Type="File"
    LastWriteTime="132924882049406885"
    Private="false" />
  <Object
    Path="Z:\HYEONGJUN KIM\Hyundai_Heavy_Industry\BR_Projects\AS_Target_Simulink_Test_Jenkins\Physical\Config1\PC\AccessAndSecurity\UserRoleSystem\User.user"
    LogicalPath="Config1.PC.AccessAndSecurity.UserRoleSystem.User.user"
    Type="File"
    LastWriteTime="132924882049436892"
    Private="false" />
  <Object
    Path="Z:\HYEONGJUN KIM\Hyundai_Heavy_Industry\BR_Projects\AS_Target_Simulink_Test_Jenkins\Physical\Config1\PC\AccessAndSecurity\CertificateStore\Package.pkg"
    LogicalPath="Config1.PC.AccessAndSecurity.CertificateStore"
    Type="Package"
    LastWriteTime="132924882049676946" />
  <Object
    Path="Z:\HYEONGJUN KIM\Hyundai_Heavy_Industry\BR_Projects\AS_Target_Simulink_Test_Jenkins\Physical\Config1\PC\AccessAndSecurity\CertificateStore\OwnCertificates\Package.pkg"
    LogicalPath="Config1.PC.AccessAndSecurity.CertificateStore.OwnCertificates"
    Type="Package"
    LastWriteTime="132924882049546914" />
  <Object
    Path="Z:\HYEONGJUN KIM\Hyundai_Heavy_Industry\BR_Projects\AS_Target_Simulink_Test_Jenkins\Physical\Config1\PC\AccessAndSecurity\CertificateStore\OwnCertificates\Certificates\Package.pkg"
    LogicalPath="Config1.PC.AccessAndSecurity.CertificateStore.OwnCertificates.Certificates"
    Type="Package"
    LastWriteTime="132924882049516909" />
  <Object
    Path="Z:\HYEONGJUN KIM\Hyundai_Heavy_Industry\BR_Projects\AS_Target_Simulink_Test_Jenkins\Physical\Config1\PC\AccessAndSecurity\CertificateStore\OwnCertificates\PrivateKeys\Package.pkg"
    LogicalPath="Config1.PC.AccessAndSecurity.CertificateStore.OwnCertificates.PrivateKeys"
    Type="Package"
    LastWriteTime="132924882049546914" />
  <Object
    Path="Z:\HYEONGJUN KIM\Hyundai_Heavy_Industry\BR_Projects\AS_Target_Simulink_Test_Jenkins\Physical\Config1\PC\AccessAndSecurity\CertificateStore\ThirdPartyCertificates\Package.pkg"
    LogicalPath="Config1.PC.AccessAndSecurity.CertificateStore.ThirdPartyCertificates"
    Type="Package"
    LastWriteTime="132924882049616930" />
  <Object
    Path="Z:\HYEONGJUN KIM\Hyundai_Heavy_Industry\BR_Projects\AS_Target_Simulink_Test_Jenkins\Physical\Config1\PC\AccessAndSecurity\CertificateStore\ThirdPartyCertificates\SoftwareCertificates\Package.pkg"
    LogicalPath="Config1.PC.AccessAndSecurity.CertificateStore.ThirdPartyCertificates.SoftwareCertificates"
    Type="Package"
    LastWriteTime="132924882049606928" />
  <Object
    Path="Z:\HYEONGJUN KIM\Hyundai_Heavy_Industry\BR_Projects\AS_Target_Simulink_Test_Jenkins\Physical\Config1\PC\AccessAndSecurity\CertificateStore\CertificateRevocationLists\Package.pkg"
    LogicalPath="Config1.PC.AccessAndSecurity.CertificateStore.CertificateRevocationLists"
    Type="Package"
    LastWriteTime="132924882049646937" />
  <Object
    Path="Z:\HYEONGJUN KIM\Hyundai_Heavy_Industry\BR_Projects\AS_Target_Simulink_Test_Jenkins\Physical\Config1\PC\AccessAndSecurity\CertificateStore\CertificateSigningRequests\Package.pkg"
    LogicalPath="Config1.PC.AccessAndSecurity.CertificateStore.CertificateSigningRequests"
    Type="Package"
    LastWriteTime="132924882049676946" />
  <Object
    Path="Z:\HYEONGJUN KIM\Hyundai_Heavy_Industry\BR_Projects\AS_Target_Simulink_Test_Jenkins\Physical\Config1\PC\AccessAndSecurity\TransportLayerSecurity\Package.pkg"
    LogicalPath="Config1.PC.AccessAndSecurity.TransportLayerSecurity"
    Type="Package"
    LastWriteTime="132924882049706950" />
  <Object
    Path="Z:\HYEONGJUN KIM\Hyundai_Heavy_Industry\BR_Projects\AS_Target_Simulink_Test_Jenkins\Physical\Config1\PC\mappControl\Package.pkg"
    LogicalPath="Config1.PC.mappControl"
    Type="Package"
    LastWriteTime="132924882049766980" />
  <Object
    Path="Z:\HYEONGJUN KIM\Hyundai_Heavy_Industry\BR_Projects\AS_Target_Simulink_Test_Jenkins\Physical\Config1\PC\mappMotion\Package.pkg"
    LogicalPath="Config1.PC.mappMotion"
    Type="Package"
    LastWriteTime="132924882049796975" />
  <Object
    Path="Z:\HYEONGJUN KIM\Hyundai_Heavy_Industry\BR_Projects\AS_Target_Simulink_Test_Jenkins\Physical\Config1\PC\mappServices\Package.pkg"
    LogicalPath="Config1.PC.mappServices"
    Type="Package"
    LastWriteTime="132924882049836988" />
  <Object
    Path="Z:\HYEONGJUN KIM\Hyundai_Heavy_Industry\BR_Projects\AS_Target_Simulink_Test_Jenkins\Physical\Config1\PC\mappView\Package.pkg"
    LogicalPath="Config1.PC.mappView"
    Type="Package"
    LastWriteTime="132924882049876985" />
  <Object
    Path="Z:\HYEONGJUN KIM\Hyundai_Heavy_Industry\BR_Projects\AS_Target_Simulink_Test_Jenkins\Physical\Config1\PC\mappCockpit\Package.pkg"
    LogicalPath="Config1.PC.mappCockpit"
    Type="Package"
    LastWriteTime="132924882049906993" />
  <Object
    Path="Z:\HYEONGJUN KIM\Hyundai_Heavy_Industry\BR_Projects\AS_Target_Simulink_Test_Jenkins\Physical\Config1\Hardware.jpg"
    LogicalPath="Config1.Hardware.jpg"
    Type="File"
    LastWriteTime="132924927128422248"
    Private="false" />
</Objects>