Z:\HYEONGJUN KIM\Hyundai_Heavy_Industry\BR_Projects\AS_Target_Simulink_Test_Jenkins\Logical\Global.typ
Z:\HYEONGJUN KIM\Hyundai_Heavy_Industry\BR_Projects\AS_Target_Simulink_Test_Jenkins\Logical\Global.var
Z:\HYEONGJUN KIM\Hyundai_Heavy_Industry\BR_Projects\AS_Target_Simulink_Test_Jenkins\Logical\Libraries\operator\operator.fun
Z:\HYEONGJUN KIM\Hyundai_Heavy_Industry\BR_Projects\AS_Target_Simulink_Test_Jenkins\Logical\Libraries\operator\operator.typ
Z:\HYEONGJUN KIM\Hyundai_Heavy_Industry\BR_Projects\AS_Target_Simulink_Test_Jenkins\Logical\Libraries\operator\operator.var
Z:\HYEONGJUN KIM\Hyundai_Heavy_Industry\BR_Projects\AS_Target_Simulink_Test_Jenkins\Logical\Libraries\runtime\runtime.fun
Z:\HYEONGJUN KIM\Hyundai_Heavy_Industry\BR_Projects\AS_Target_Simulink_Test_Jenkins\Logical\Libraries\runtime\runtime.typ
Z:\HYEONGJUN KIM\Hyundai_Heavy_Industry\BR_Projects\AS_Target_Simulink_Test_Jenkins\Logical\Libraries\runtime\runtime.var
Z:\HYEONGJUN KIM\Hyundai_Heavy_Industry\BR_Projects\AS_Target_Simulink_Test_Jenkins\Logical\Libraries\astime\astime.fun
Z:\HYEONGJUN KIM\Hyundai_Heavy_Industry\BR_Projects\AS_Target_Simulink_Test_Jenkins\Logical\Libraries\astime\astime.typ
Z:\HYEONGJUN KIM\Hyundai_Heavy_Industry\BR_Projects\AS_Target_Simulink_Test_Jenkins\Logical\Libraries\astime\astime.var
Z:\HYEONGJUN KIM\Hyundai_Heavy_Industry\BR_Projects\AS_Target_Simulink_Test_Jenkins\Logical\Libraries\AsIecCon\AsIecCon.fun
Z:\HYEONGJUN KIM\Hyundai_Heavy_Industry\BR_Projects\AS_Target_Simulink_Test_Jenkins\Logical\Libraries\AsIecCon\AsIecCon.typ
Z:\HYEONGJUN KIM\Hyundai_Heavy_Industry\BR_Projects\AS_Target_Simulink_Test_Jenkins\Logical\Libraries\AsIecCon\AsIecCon.var
Z:\HYEONGJUN KIM\Hyundai_Heavy_Industry\BR_Projects\AS_Target_Simulink_Test_Jenkins\Logical\Libraries\brsystem\brsystem.fun
Z:\HYEONGJUN KIM\Hyundai_Heavy_Industry\BR_Projects\AS_Target_Simulink_Test_Jenkins\Logical\Libraries\brsystem\brsystem.typ
Z:\HYEONGJUN KIM\Hyundai_Heavy_Industry\BR_Projects\AS_Target_Simulink_Test_Jenkins\Logical\Libraries\brsystem\brsystem.var
Z:\HYEONGJUN KIM\Hyundai_Heavy_Industry\BR_Projects\AS_Target_Simulink_Test_Jenkins\Logical\Libraries\sys_lib\sys_lib.fun
Z:\HYEONGJUN KIM\Hyundai_Heavy_Industry\BR_Projects\AS_Target_Simulink_Test_Jenkins\Logical\Libraries\sys_lib\sys_lib.typ
Z:\HYEONGJUN KIM\Hyundai_Heavy_Industry\BR_Projects\AS_Target_Simulink_Test_Jenkins\Logical\Libraries\sys_lib\sys_lib.var
Z:\HYEONGJUN KIM\Hyundai_Heavy_Industry\BR_Projects\AS_Target_Simulink_Test_Jenkins\Logical\Libraries\AsArLog\AsArLog.fun
Z:\HYEONGJUN KIM\Hyundai_Heavy_Industry\BR_Projects\AS_Target_Simulink_Test_Jenkins\Logical\Libraries\AsArLog\AsArLog.typ
Z:\HYEONGJUN KIM\Hyundai_Heavy_Industry\BR_Projects\AS_Target_Simulink_Test_Jenkins\Logical\Libraries\AsArLog\AsArLog.var
Z:\HYEONGJUN KIM\Hyundai_Heavy_Industry\BR_Projects\AS_Target_Simulink_Test_Jenkins\Logical\Libraries\AsTCP\AsTCP.fun
Z:\HYEONGJUN KIM\Hyundai_Heavy_Industry\BR_Projects\AS_Target_Simulink_Test_Jenkins\Logical\Libraries\AsTCP\AsTCP.typ
Z:\HYEONGJUN KIM\Hyundai_Heavy_Industry\BR_Projects\AS_Target_Simulink_Test_Jenkins\Logical\Libraries\AsTCP\AsTCP.var
Z:\HYEONGJUN KIM\Hyundai_Heavy_Industry\BR_Projects\AS_Target_Simulink_Test_Jenkins\Logical\Libraries\pctr_fun\pctr_fun.fun
Z:\HYEONGJUN KIM\Hyundai_Heavy_Industry\BR_Projects\AS_Target_Simulink_Test_Jenkins\Logical\Libraries\pctr_fun\pctr_fun.typ
Z:\HYEONGJUN KIM\Hyundai_Heavy_Industry\BR_Projects\AS_Target_Simulink_Test_Jenkins\Logical\Libraries\pctr_fun\pctr_fun.var
